[FAIL] esconv_02 bad run0: SchemaError: 2 validation errors for TurnOutput
node_updates.1.type
  Extra inputs are not permitted [type=extra_
[FAIL] esconv_03 good run0: SchemaError: 3 validation errors for TurnOutput
appraisal
  Field required [type=missing, input_value={}, input_t
[FAIL] esconv_02 bad run1: SchemaError: 1 validation error for TurnOutput
node_updates.2.type
  Extra inputs are not permitted [type=extra_f
[FAIL] esconv_02 third run1: SchemaError: 1 validation error for TurnOutput
node_updates.1.type
  Extra inputs are not permitted [type=extra_f
[FAIL] esconv_03 bad run1: SchemaError: 2 validation errors for TurnOutput
node_updates.1.type
  Extra inputs are not permitted [type=extra_
[FAIL] esconv_02 good run1: SchemaError: 1 validation error for TurnOutput
node_updates.1.type
  Extra inputs are not permitted [type=extra_f
[FAIL] esconv_01 bad run2: SchemaError: 3 validation errors for TurnOutput
appraisal
  Field required [type=missing, input_value={}, input_t
esconv_01 [bad] [0.13, 0.16, nan]
[FAIL] esconv_01 random run2: SchemaError: 2 validation errors for TurnOutput
node_updates.1.type
  Extra inputs are not permitted [type=extra_
esconv_01 [random] [0.15, -0.04, nan]
esconv_02 [bad] [nan, nan, 0.12]
[FAIL] esconv_03 random run2: SchemaError: 1 validation error for TurnOutput
node_updates.3.type
  Extra inputs are not permitted [type=extra_f
esconv_03 [random] [0.11, 0.15, nan]
esconv_02 [third] [0.14, nan, 0.14]
esconv_03 [bad] [0.17, nan, 0.15]
esconv_01 [good] [0.12, 0.14, 0.16]
esconv_03 [good] [nan, 0.03, 0.15]
esconv_02 [good] [0.04, nan, 0.06]
esconv_01 [third] [0.15, 0.12, 0.17]
[FAIL] esconv_05 third run0: SchemaError: 1 validation error for TurnOutput
node_updates.2.type
  Extra inputs are not permitted [type=extra_f
[FAIL] esconv_04 third run0: SchemaError: 4 validation errors for TurnOutput
node_updates.3.type
  Extra inputs are not permitted [type=extra_
esconv_03 [third] [0.17, 0.17, 0.17]
esconv_02 [random] [0.12, 0.12, 0.1]
[FAIL] esconv_05 bad run0: SchemaError: 1 validation error for TurnOutput
node_updates.3.type
  Extra inputs are not permitted [type=extra_f
[FAIL] esconv_04 bad run1: SchemaError: 2 validation errors for TurnOutput
node_updates.1.type
  Extra inputs are not permitted [type=extra_
[FAIL] esconv_05 third run1: SchemaError: 1 validation error for TurnOutput
node_updates.1.type
  Extra inputs are not permitted [type=extra_f
[FAIL] esconv_05 random run0: SchemaError: 1 validation error for TurnOutput
node_updates.3.type
  Extra inputs are not permitted [type=extra_f
esconv_06 [bad] [0.17, 0.14, 0.14]
[FAIL] esconv_04 good run2: SchemaError: 1 validation error for TurnOutput
node_updates.1.type
  Extra inputs are not permitted [type=extra_f
esconv_04 [good] [0.1, -0.07, nan]
esconv_04 [bad] [0.09, nan, 0.12]
esconv_05 [third] [nan, nan, 0.1]
[FAIL] esconv_06 random run1: SchemaError: 1 validation error for TurnOutput
node_updates.2.type
  Extra inputs are not permitted [type=extra_f
[FAIL] esconv_06 good run1: SchemaError: 1 validation error for TurnOutput
node_updates.4.type
  Extra inputs are not permitted [type=extra_f
[FAIL] esconv_04 random run2: SchemaError: 1 validation error for TurnOutput
node_updates.2.type
  Extra inputs are not permitted [type=extra_f
esconv_04 [random] [0.04, 0.12, nan]
[FAIL] esconv_06 random run2: SchemaError: 2 validation errors for TurnOutput
node_updates.1.type
  Extra inputs are not permitted [type=extra_
esconv_06 [random] [-0.04, nan, nan]
[FAIL] esconv_06 good run2: SchemaError: 1 validation error for TurnOutput
node_updates.1.type
  Extra inputs are not permitted [type=extra_f
esconv_06 [good] [0.08, nan, nan]
esconv_05 [good] [0.02, -0.02, 0.12]
esconv_05 [bad] [nan, 0.12, 0.11]
esconv_04 [third] [nan, -0.06, 0.12]
esconv_05 [random] [nan, 0.1, 0.12]
[FAIL] esconv_06 third run2: SchemaError: 2 validation errors for TurnOutput
node_updates.4.type
  Extra inputs are not permitted [type=extra_
esconv_06 [third] [0.176, 0.176, nan]

===== 汇总（均值 ± 标准差） =====
emotional_support    bad      n= 12  mean=+0.135  sd=0.025  snr=+5.47
emotional_support    good     n= 13  mean=+0.072  sd=0.070  snr=+1.03
emotional_support    random   n= 12  mean=+0.087  sd=0.066  snr=+1.33
emotional_support    third    n= 13  mean=+0.134  sd=0.063  snr=+2.11

===== 效应量 good−bad（按种子配对） =====
emotional_support    mean_diff=-0.063  per-seed=[-0.01, -0.07, -0.07, -0.09, -0.07, -0.07]
