craigslist_03 [good] [0.0, 0.0, 0.0]
craigslist_05 [bad] [nan, 0.0, 0.0]
craigslist_02 [third] [nan, 0.417, 0.375]
craigslist_03 [random] [0.0, 0.0, 0.5]
craigslist_01 [random] [0.167, 0.167, 0.333]
craigslist_06 [good] [nan, 0.241, 0.0]
craigslist_06 [third] [nan, nan, 0.0]
craigslist_03 [third] [0.25, 0.0, 0.0]
craigslist_01 [good] [0.167, 0.167, 0.167]
craigslist_03 [bad] [0.0, 0.0, nan]
craigslist_01 [bad] [1.0, 0.167, 0.167]
craigslist_01 [third] [nan, 0.0, 0.0]
craigslist_04 [bad] [0.0, 0.0, 0.0]
craigslist_06 [bad] [0.0, 0.0, nan]
craigslist_04 [random] [0.0, 0.312, 0.25]
craigslist_02 [random] [0.458, 0.5, nan]
craigslist_06 [random] [0.0, 0.375, 0.0]
craigslist_02 [good] [0.333, 0.542, 1.0]
craigslist_02 [bad] [0.0, nan, 0.0]
craigslist_04 [third] [0.062, 0.125, nan]
craigslist_04 [good] [0.188, 0.125, 0.0]
craigslist_05 [good] [0.0, 0.423, 0.289]
craigslist_05 [third] [0.0, 0.0, 0.176]
craigslist_05 [random] [0.0, 0.0, 0.409]

===== 汇总（均值 ± 标准差） =====
price_negotiation    bad      n= 14  mean=+0.095  sd=0.267  snr=+0.36
price_negotiation    good     n= 17  mean=+0.214  sd=0.260  snr=+0.82
price_negotiation    random   n= 17  mean=+0.204  sd=0.199  snr=+1.02
price_negotiation    third    n= 13  mean=+0.108  sd=0.152  snr=+0.71

===== 自发结束（done 且 turns < 窗口） =====
Traceback (most recent call last):
  File "/data/user21300120/mmh/Cog-Graph-Engine/tools/eval_ab.py", line 372, in <module>
    main()
    ~~~~^^
  File "/data/user21300120/mmh/Cog-Graph-Engine/tools/eval_ab.py", line 343, in main
    term_by[(task_of(sid), strategy)].extend(rows)
             ^^^^^^^
UnboundLocalError: cannot access local variable 'task_of' where it is not associated with a value
p4g_08 [bad] [0.0, 1.5, nan]
p4g_06 [good] [0.0, nan, 1.5]
p4g_02 [good] [nan, 1.5, 1.5]
p4g_11 [bad] [0.0, nan, nan]
p4g_08 [third] [1.5, 1.5, 1.0]
p4g_10 [third] [1.5, nan, nan]
p4g_01 [random] [nan, 1.5, nan]
p4g_05 [good] [nan, 1.0, 1.343]
p4g_06 [third] [nan, nan, 1.5]
p4g_07 [random] [1.5, 1.0, 1.5]
p4g_05 [third] [nan, 1.5, 1.5]
p4g_06 [bad] [0.0, 1.0, 1.0]
p4g_11 [good] [nan, 1.5, 1.0]
p4g_03 [good] [nan, 1.5, 1.5]
p4g_11 [random] [nan, nan, 1.5]
p4g_03 [third] [1.5, 1.5, 1.0]
p4g_04 [bad] [0.0, nan, 1.5]
p4g_03 [bad] [nan, nan, 0.0]
p4g_01 [bad] [1.5, 1.25, 0.0]
p4g_12 [bad] [nan, 0.0, 1.5]
p4g_12 [random] [nan, 1.0, 1.25]
p4g_12 [good] [1.375, 0.0, 0.0]
p4g_12 [third] [1.5, 0.0, 1.5]
p4g_05 [random] [1.5, 1.5, 1.5]

===== 汇总（均值 ± 标准差） =====
persuasion_donation  bad      n= 21  mean=+0.708  sd=0.654  snr=+1.08
persuasion_donation  good     n= 26  mean=+1.138  sd=0.588  snr=+1.93
persuasion_donation  random   n= 25  mean=+1.280  sd=0.341  snr=+3.75
persuasion_donation  third    n= 29  mean=+1.172  sd=0.567  snr=+2.07

===== 自发结束（done 且 turns < 窗口） =====
Traceback (most recent call last):
  File "/data/user21300120/mmh/Cog-Graph-Engine/tools/eval_ab.py", line 372, in <module>
    main()
    ~~~~^^
  File "/data/user21300120/mmh/Cog-Graph-Engine/tools/eval_ab.py", line 343, in main
    term_by[(task_of(sid), strategy)].extend(rows)
             ^^^^^^^
UnboundLocalError: cannot access local variable 'task_of' where it is not associated with a value
esconv_08 [bad] [0.25, 0.25, 0.75]
esconv_09 [good] [0.25, 0.75, 0.75]
esconv_08 [good] [0.25, 0.25, 0.583]
esconv_04 [good] [0.333, 0.333, 0.583]
esconv_06 [bad] [0.75, 0.167, 0.25]
esconv_02 [bad] [0.75, 0.25, 0.583]
esconv_02 [good] [0.75, 0.75, 0.667]
esconv_02 [third] [0.25, 0.75, 0.25]
esconv_10 [good] [0.667, 0.75, 0.75]
esconv_10 [third] [0.25, 0.5, 0.75]
esconv_02 [random] [0.75, 0.5, 0.75]
esconv_12 [random] [0.583, 0.75, 0.5]
esconv_11 [random] [0.417, 0.583, 0.75]
esconv_12 [third] [0.75, 0.75, 0.75]
esconv_12 [bad] [0.75, 0.75, 0.25]
esconv_12 [good] [0.75, 0.75, 0.75]
esconv_13 [good] [0.75, 0.833, 0.25]
esconv_13 [third] [0.25, 0.75, 0.583]
esconv_13 [random] [0.5, 0.833, 0.5]
esconv_14 [bad] [0.25, 0.75, 0.25]
esconv_13 [bad] [0.25, 0.25, 0.583]
esconv_14 [random] [0.25, 0.75, 0.75]
esconv_14 [good] [0.75, 0.25, 0.75]
esconv_14 [third] [0.667, 0.25, 0.25]

===== 汇总（均值 ± 标准差） =====
emotional_support    bad      n= 39  mean=+0.470  sd=0.216  snr=+2.18
emotional_support    good     n= 40  mean=+0.612  sd=0.219  snr=+2.80
emotional_support    random   n= 39  mean=+0.605  sd=0.194  snr=+3.12
emotional_support    third    n= 41  mean=+0.546  sd=0.222  snr=+2.46

===== 自发结束（done 且 turns < 窗口） =====
Traceback (most recent call last):
  File "/data/user21300120/mmh/Cog-Graph-Engine/tools/eval_ab.py", line 372, in <module>
    main()
    ~~~~^^
  File "/data/user21300120/mmh/Cog-Graph-Engine/tools/eval_ab.py", line 343, in main
    term_by[(task_of(sid), strategy)].extend(rows)
             ^^^^^^^
UnboundLocalError: cannot access local variable 'task_of' where it is not associated with a value
