[FAIL] craigslist_03 bad run0: SchemaError: model did not emit the simulate_user_turn tool call; 3 validation errors for TurnOutput
appraisal
  
craigslist_03 [good] [0.918, 0.918, 0.918]
[FAIL] craigslist_04 bad run1: SchemaError: 3 validation errors for TurnOutput
appraisal
  Field required [type=missing, input_value={}, input_t
craigslist_03 [random] [0.918, 0.918, 0.459]
craigslist_01 [bad] [0.0, 0.0, 0.0]
craigslist_01 [random] [0.933, 0.0, 0.907]
[FAIL] craigslist_04 third run1: SchemaError: 1 validation error for TurnOutput
appraisal.controllability_note
  Extra inputs are not permitted [t
craigslist_04 [bad] [0.0, nan, 0.6]
craigslist_04 [random] [0.75, 0.0, 0.0]
craigslist_03 [bad] [nan, 0.918, 0.918]
craigslist_01 [good] [0.467, 0.933, 0.933]
craigslist_03 [third] [0.959, 0.48, 0.959]
craigslist_01 [third] [0.933, 0.933, 0.933]
craigslist_02 [random] [0.358, 0.8, 0.8]
craigslist_04 [third] [0.0, nan, 0.0]
craigslist_02 [good] [0.833, 0.75, 0.75]
craigslist_02 [bad] [0.0, 0.0, 0.0]
craigslist_04 [good] [0.725, 0.775, 0.7]
craigslist_02 [third] [0.833, 0.667, 0.783]
[FAIL] esconv_02 random run0: SchemaError: 1 validation error for TurnOutput
node_updates.3.type
  Extra inputs are not permitted [type=extra_f
[FAIL] esconv_01 good run1: SchemaError: 1 validation error for TurnOutput
node_updates.1.type
  Extra inputs are not permitted [type=extra_f
[FAIL] esconv_03 random run0: SchemaError: 2 validation errors for TurnOutput
node_updates.2.type
  Extra inputs are not permitted [type=extra_
[FAIL] esconv_03 bad run1: SchemaError: 3 validation errors for TurnOutput
node_updates.1.type
  Extra inputs are not permitted [type=extra_
craigslist_05 [bad] [0.0, 0.0, 0.0]
[FAIL] esconv_02 third run1: SchemaError: 1 validation error for TurnOutput
node_updates.2.type
  Extra inputs are not permitted [type=extra_f
craigslist_05 [random] [0.0, 0.0, 0.0]
craigslist_05 [good] [0.0, 0.0, 0.001]
[FAIL] esconv_02 random run1: SchemaError: 1 validation error for TurnOutput
node_updates.1.type
  Extra inputs are not permitted [type=extra_f
esconv_01 [good] [0.14, nan, 0.14]
esconv_03 [bad] [1.12, nan, 1.14]
esconv_01 [bad] [0.14, 1.15, 0.16]
esconv_02 [good] [-0.07, 0.06, -0.11]
[FAIL] esconv_04 bad run0: SchemaError: 3 validation errors for TurnOutput
appraisal
  Field required [type=missing, input_value={}, input_t
[FAIL] craigslist_05 third run2: SchemaError: 3 validation errors for TurnOutput
appraisal
  Field required [type=missing, input_value={}, input_t
craigslist_05 [third] [0.0, 0.0, nan]
esconv_02 [bad] [-0.06, 0.1, 0.12]
[FAIL] esconv_05 bad run0: SchemaError: 1 validation error for TurnOutput
node_updates.3.type
  Extra inputs are not permitted [type=extra_f
[FAIL] esconv_02 third run2: SchemaError: 3 validation errors for TurnOutput
appraisal
  Field required [type=missing, input_value={}, input_t
esconv_02 [third] [0.11, nan, nan]
esconv_03 [good] [0.08, 0.1, 0.1]
esconv_01 [random] [0.15, 0.16, 1.15]
esconv_02 [random] [nan, nan, 0.08]
[FAIL] esconv_01 third run2: SchemaError: 3 validation errors for TurnOutput
appraisal
  Field required [type=missing, input_value={}, input_t
esconv_01 [third] [0.15, 0.18, nan]
[FAIL] esconv_06 third run0: SchemaError: 1 validation error for TurnOutput
node_updates.2.type
  Extra inputs are not permitted [type=extra_f
[FAIL] esconv_03 third run2: SchemaError: 1 validation error for TurnOutput
node_updates.2.type
  Extra inputs are not permitted [type=extra_f
esconv_03 [third] [1.18, 1.14, nan]
[FAIL] p4g_01 good run0: SchemaError: 3 validation errors for TurnOutput
appraisal
  Field required [type=missing, input_value={}, input_t
esconv_03 [random] [nan, 0.14, 1.14]
[FAIL] esconv_05 good run1: SchemaError: 3 validation errors for TurnOutput
appraisal
  Field required [type=missing, input_value={}, input_t
esconv_04 [bad] [nan, 1.06, 0.08]
esconv_04 [good] [0.07, -0.02, 0.03]
[FAIL] p4g_01 third run1: SchemaError: 3 validation errors for TurnOutput
appraisal
  Field required [type=missing, input_value={}, input_t
esconv_05 [good] [0.04, nan, -0.05]
[FAIL] esconv_05 third run1: SchemaError: 1 validation error for TurnOutput
node_updates.4.type
  Extra inputs are not permitted [type=extra_f
esconv_05 [bad] [nan, 0.08, 0.02]
esconv_04 [random] [0.08, 0.04, 0.06]
[FAIL] p4g_02 good run1: SchemaError: 1 validation error for TurnOutput
appraisal.goal_congruence_comment
  Extra inputs are not permitted
[FAIL] p4g_01 third run2: SchemaError: 1 validation error for TurnOutput
emotion
  Value error, emotion category 'trust' not in the closed 
p4g_01 [third] [1.5, nan, nan]
[FAIL] p4g_01 bad run1: SchemaError: 1 validation error for TurnOutput
node_updates.3.type
  Extra inputs are not permitted [type=extra_f
esconv_06 [bad] [0.17, 1.15, 1.15]
[FAIL] esconv_05 third run2: SchemaError: 1 validation error for TurnOutput
node_updates.2.type
  Extra inputs are not permitted [type=extra_f
esconv_05 [third] [0.1, nan, nan]
[FAIL] p4g_03 good run0: SchemaError: 3 validation errors for TurnOutput
appraisal
  Field required [type=missing, input_value={}, input_t
[FAIL] p4g_03 third run0: SchemaError: 3 validation errors for TurnOutput
appraisal
  Field required [type=missing, input_value={'node_upda
[FAIL] p4g_01 good run2: SchemaError: 2 validation errors for TurnOutput
node_updates.1.type
  Extra inputs are not permitted [type=extra_
p4g_01 [good] [nan, 0.0, nan]
[FAIL] p4g_03 bad run0: SchemaError: 1 validation error for TurnOutput
node_updates.2.type
  Extra inputs are not permitted [type=extra_f
esconv_06 [good] [0.15, 0.15, 0.16]
esconv_05 [random] [0.1, 0.1, 0.12]
[FAIL] p4g_02 bad run1: SchemaError: 1 validation error for TurnOutput
node_updates.2.type
  Extra inputs are not permitted [type=extra_f
esconv_06 [random] [0.15, 1.18, 0.12]
p4g_02 [good] [1.5, nan, 0.0]
p4g_01 [bad] [0.0, nan, 1.5]
[FAIL] p4g_02 third run2: SchemaError: 3 validation errors for TurnOutput
node_updates.1.type
  Extra inputs are not permitted [type=extra_
p4g_02 [third] [1.0, 0.0, nan]
esconv_04 [third] [1.13, 0.11, 0.12]
[FAIL] p4g_04 third run0: SchemaError: 4 validation errors for TurnOutput
edge_updates.1.op
  String should match pattern '^(add|remove)$' 
esconv_06 [third] [nan, 1.18, 0.18]
p4g_01 [random] [0.0, 0.0, 1.5]
p4g_02 [bad] [0.0, nan, 0.0]
[FAIL] p4g_05 random run0: SchemaError: 2 validation errors for TurnOutput
edge_updates.1.edge.relation
  Input should be 'facilitates', 'in
p4g_03 [third] [nan, 1.5, 1.5]
[FAIL] p4g_04 random run2: SchemaError: 2 validation errors for TurnOutput
node_updates.2.type
  Extra inputs are not permitted [type=extra_
p4g_04 [random] [1.5, 1.5, nan]
p4g_04 [third] [nan, 1.5, 1.5]
p4g_03 [good] [nan, 1.5, 1.5]
p4g_02 [random] [0.0, 0.0, 0.0]
p4g_04 [good] [1.5, 1.375, 1.25]
[FAIL] p4g_05 third run0: SchemaError: 2 validation errors for TurnOutput
node_updates.2.type
  Extra inputs are not permitted [type=extra_
[FAIL] p4g_05 third run1: SchemaError: 3 validation errors for TurnOutput
appraisal
  Field required [type=missing, input_value={}, input_t
[FAIL] p4g_03 random run2: SchemaError: 2 validation errors for TurnOutput
node_updates.1.type
  Extra inputs are not permitted [type=extra_
p4g_03 [random] [0.0, 1.0, nan]
p4g_05 [third] [nan, nan, 1.5]
p4g_04 [bad] [0.0, 1.5, 0.0]
[FAIL] p4g_05 random run2: SchemaError: 2 validation errors for TurnOutput
node_updates.3.node.type
  Field required [type=missing, input_va
p4g_05 [random] [nan, 0.0, nan]
[FAIL] p4g_03 bad run2: SchemaError: 3 validation errors for TurnOutput
appraisal
  Field required [type=missing, input_value={}, input_t
p4g_03 [bad] [nan, 0.0, nan]
p4g_05 [good] [0.0, 1.5, 0.0]
[FAIL] p4g_05 bad run2: SchemaError: 2 validation errors for TurnOutput
node_updates.3.type
  Extra inputs are not permitted [type=extra_
p4g_05 [bad] [0.0, 0.0, nan]

===== 汇总（均值 ± 标准差） =====
emotional_support    bad      n= 15  mean=+0.505  sd=0.530  snr=+0.95
emotional_support    good     n= 16  mean=+0.061  sd=0.085  snr=+0.71
emotional_support    random   n= 15  mean=+0.318  sd=0.435  snr=+0.73
emotional_support    third    n= 11  mean=+0.507  sd=0.516  snr=+0.98
persuasion_donation  bad      n= 10  mean=+0.300  sd=0.632  snr=+0.47
persuasion_donation  good     n= 11  mean=+0.920  sd=0.734  snr=+1.25
persuasion_donation  random   n= 11  mean=+0.500  sd=0.707  snr=+0.71
persuasion_donation  third    n=  8  mean=+1.250  sd=0.535  snr=+2.34
price_negotiation    bad      n= 13  mean=+0.187  sd=0.364  snr=+0.51
price_negotiation    good     n= 15  mean=+0.641  sd=0.354  snr=+1.81
price_negotiation    random   n= 15  mean=+0.456  sd=0.417  snr=+1.09
price_negotiation    third    n= 13  mean=+0.575  sd=0.421  snr=+1.37

===== 效应量 good−bad（按种子配对） =====
price_negotiation    mean_diff=+0.398  per-seed=[0.0, 0.78, 0.78, 0.43, 0.0]
persuasion_donation  mean_diff=+0.575  per-seed=[-0.75, 0.75, 1.5, 0.88, 0.5]
emotional_support    mean_diff=-0.457  per-seed=[-0.34, -0.09, -1.04, -0.54, -0.06, -0.67]
