appraisal
  Field required [type=missing, input_value={}, input_t
craigslist_04 [third] [nan, nan, 0.0]
craigslist_04 [random] [0.0, 0.0, 0.375]
craigslist_04 [good] [0.312, 0.375, 1.0]
craigslist_05 [random] [0.0, 0.0, 0.0]
craigslist_05 [bad] [nan, 0.0, 0.0]
craigslist_05 [good] [0.0, nan, 0.0]
craigslist_05 [third] [0.0, 0.0, 0.0]

===== 汇总（均值 ± 标准差） =====
price_negotiation    bad      n= 13  mean=+0.157  sd=0.305  snr=+0.51
price_negotiation    good     n= 14  mean=+0.326  sd=0.352  snr=+0.93
price_negotiation    random   n= 15  mean=+0.117  sd=0.171  snr=+0.68
price_negotiation    third    n= 13  mean=+0.189  sd=0.210  snr=+0.90

===== 效应量 good−bad（按种子配对） =====
price_negotiation    mean_diff=+0.142  per-seed=[0.08, -0.06, 0.12, 0.56, 0.0]
esconv_04 [random] [0.75, 0.75, 0.75]
esconv_05 [good] [0.417, 0.25, 0.5]
esconv_05 [random] [0.75, 0.333, 0.75]
esconv_05 [third] [nan, 0.25, 0.75]
esconv_04 [third] [0.75, 0.75, 0.75]
esconv_05 [bad] [0.75, 0.583, 0.75]
esconv_06 [bad] [0.75, 0.75, 0.75]
esconv_06 [third] [nan, 0.75, 0.75]
esconv_06 [random] [0.75, 0.583, 0.75]

===== 汇总（均值 ± 标准差） =====
emotional_support    bad      n= 16  mean=+0.599  sd=0.216  snr=+2.78
emotional_support    good     n= 16  mean=+0.427  sd=0.182  snr=+2.34
emotional_support    random   n= 18  mean=+0.690  sd=0.151  snr=+4.57
emotional_support    third    n= 14  mean=+0.696  sd=0.137  snr=+5.08

===== 效应量 good−bad（按种子配对） =====
emotional_support    mean_diff=-0.150  per-seed=[0.22, -0.44, -0.28, 0.03, -0.12, -0.31]
