[FAIL] craigslist_05 third run1: SchemaError: 3 validation errors for TurnOutput
appraisal
  Field required [type=missing, input_value={}, input_t
craigslist_05 [bad] [0.0, 0.0, 0.0]
craigslist_05 [random] [0.0, 0.0, 0.0]
craigslist_05 [good] [0.0, 0.0, 0.0]
craigslist_05 [third] [0.0, nan, 0.0]

===== 汇总（均值 ± 标准差） =====
price_negotiation    bad      n= 15  mean=+0.079  sd=0.198  snr=+0.40
price_negotiation    good     n= 15  mean=+0.129  sd=0.204  snr=+0.63
price_negotiation    random   n= 13  mean=+0.180  sd=0.225  snr=+0.80
price_negotiation    third    n= 13  mean=+0.096  sd=0.186  snr=+0.52

===== 效应量 good−bad（按种子配对） =====
price_negotiation    mean_diff=+0.050  per-seed=[-0.21, 0.11, 0.22, 0.13, 0.0]
esconv_06 [third] [0.75, 0.75, 0.75]
esconv_04 [random] [0.333, 0.25, 0.25]
esconv_05 [good] [0.333, 0.25, 0.5]
esconv_04 [third] [0.667, 0.75, 0.75]
esconv_05 [third] [0.5, 0.25, 0.5]
esconv_06 [random] [0.75, 0.75, 0.75]
esconv_05 [bad] [0.083, 0.583, 0.583]

===== 汇总（均值 ± 标准差） =====
emotional_support    bad      n= 18  mean=+0.449  sd=0.248  snr=+1.81
emotional_support    good     n= 16  mean=+0.417  sd=0.251  snr=+1.66
emotional_support    random   n= 17  mean=+0.573  sd=0.214  snr=+2.68
emotional_support    third    n= 17  mean=+0.667  sd=0.167  snr=+4.00

===== 效应量 good−bad（按种子配对） =====
emotional_support    mean_diff=-0.018  per-seed=[-0.25, 0.17, -0.11, -0.03, 0.17, -0.06]
